Fitting 5 folds for each of 30 candidates, totalling 150 fits
[CV] END model__colsample_bytree=0.749816047538945, model__gamma=4.75357153204958, model__learning_rate=0.1205712628744377, model__max_depth=7, model__min_child_weight=5, model__n_estimators=321, model__subsample=0.662397808134481; total time=   0.8s
[CV] END model__colsample_bytree=0.749816047538945, model__gamma=4.75357153204958, model__learning_rate=0.1205712628744377, model__max_depth=7, model__min_child_weight=5, model__n_estimators=321, model__subsample=0.662397808134481; total time=   0.8s
[CV] END model__colsample_bytree=0.749816047538945, model__gamma=4.75357153204958, model__learning_rate=0.1205712628744377, model__max_depth=7, model__min_child_weight=5, model__n_estimators=321, model__subsample=0.662397808134481; total time=   0.7s
[CV] END model__colsample_bytree=0.749816047538945, model__gamma=4.75357153204958, model__learning_rate=0.1205712628744377, model__max_depth=7, model__min_child_weight=5, model__n_estimators=321, model__subsample=0.662397808134481; total time=   0.7s
[CV] END model__colsample_bytree=0.749816047538945, model__gamma=4.75357153204958, model__learning_rate=0.1205712628744377, model__max_depth=7, model__min_child_weight=5, model__n_estimators=321, model__subsample=0.662397808134481; total time=   0.7s
[CV] END model__colsample_bytree=0.6232334448672797, model__gamma=4.330880728874676, model__learning_rate=0.07725378389307355, model__max_depth=5, model__min_child_weight=6, model__n_estimators=508, model__subsample=0.9879639408647978; total time=   1.0s
[CV] END model__colsample_bytree=0.6232334448672797, model__gamma=4.330880728874676, model__learning_rate=0.07725378389307355, model__max_depth=5, model__min_child_weight=6, model__n_estimators=508, model__subsample=0.9879639408647978; total time=   0.9s
[CV] END model__colsample_bytree=0.6232334448672797, model__gamma=4.330880728874676, model__learning_rate=0.07725378389307355, model__max_depth=5, model__min_child_weight=6, model__n_estimators=508, model__subsample=0.9879639408647978; total time=   0.9s
[CV] END model__colsample_bytree=0.6232334448672797, model__gamma=4.330880728874676, model__learning_rate=0.07725378389307355, model__max_depth=5, model__min_child_weight=6, model__n_estimators=508, model__subsample=0.9879639408647978; total time=   0.9s
[CV] END model__colsample_bytree=0.6232334448672797, model__gamma=4.330880728874676, model__learning_rate=0.07725378389307355, model__max_depth=5, model__min_child_weight=6, model__n_estimators=508, model__subsample=0.9879639408647978; total time=   0.9s
[CV] END model__colsample_bytree=0.9329770563201687, model__gamma=1.0616955533913808, model__learning_rate=0.01855998084649059, model__max_depth=7, model__min_child_weight=1, model__n_estimators=659, model__subsample=0.8446612641953124; total time=   2.2s
[CV] END model__colsample_bytree=0.9329770563201687, model__gamma=1.0616955533913808, model__learning_rate=0.01855998084649059, model__max_depth=7, model__min_child_weight=1, model__n_estimators=659, model__subsample=0.8446612641953124; total time=   2.2s
[CV] END model__colsample_bytree=0.9329770563201687, model__gamma=1.0616955533913808, model__learning_rate=0.01855998084649059, model__max_depth=7, model__min_child_weight=1, model__n_estimators=659, model__subsample=0.8446612641953124; total time=   2.3s
[CV] END model__colsample_bytree=0.9329770563201687, model__gamma=1.0616955533913808, model__learning_rate=0.01855998084649059, model__max_depth=7, model__min_child_weight=1, model__n_estimators=659, model__subsample=0.8446612641953124; total time=   2.3s
[CV] END model__colsample_bytree=0.9329770563201687, model__gamma=1.0616955533913808, model__learning_rate=0.01855998084649059, model__max_depth=7, model__min_child_weight=1, model__n_estimators=659, model__subsample=0.8446612641953124; total time=   2.2s
[CV] END model__colsample_bytree=0.6028265220878869, model__gamma=0.11531212520707879, model__learning_rate=0.05958758776628972, model__max_depth=9, model__min_child_weight=10, model__n_estimators=675, model__subsample=0.9895022075365837; total time=   2.0s
[CV] END model__colsample_bytree=0.6028265220878869, model__gamma=0.11531212520707879, model__learning_rate=0.05958758776628972, model__max_depth=9, model__min_child_weight=10, model__n_estimators=675, model__subsample=0.9895022075365837; total time=   2.0s
[CV] END model__colsample_bytree=0.6028265220878869, model__gamma=0.11531212520707879, model__learning_rate=0.05958758776628972, model__max_depth=9, model__min_child_weight=10, model__n_estimators=675, model__subsample=0.9895022075365837; total time=   2.1s
[CV] END model__colsample_bytree=0.6028265220878869, model__gamma=0.11531212520707879, model__learning_rate=0.05958758776628972, model__max_depth=9, model__min_child_weight=10, model__n_estimators=675, model__subsample=0.9895022075365837; total time=   2.1s
[CV] END model__colsample_bytree=0.6028265220878869, model__gamma=0.11531212520707879, model__learning_rate=0.05958758776628972, model__max_depth=9, model__min_child_weight=10, model__n_estimators=675, model__subsample=0.9895022075365837; total time=   2.0s
[CV] END model__colsample_bytree=0.6931085361721216, model__gamma=0.453032172664104, model__learning_rate=0.08192776699882925, model__max_depth=6, model__min_child_weight=7, model__n_estimators=443, model__subsample=0.836965827544817; total time=   1.5s
[CV] END model__colsample_bytree=0.6931085361721216, model__gamma=0.453032172664104, model__learning_rate=0.08192776699882925, model__max_depth=6, model__min_child_weight=7, model__n_estimators=443, model__subsample=0.836965827544817; total time=   1.5s
[CV] END model__colsample_bytree=0.6931085361721216, model__gamma=0.453032172664104, model__learning_rate=0.08192776699882925, model__max_depth=6, model__min_child_weight=7, model__n_estimators=443, model__subsample=0.836965827544817; total time=   1.5s
[CV] END model__colsample_bytree=0.6931085361721216, model__gamma=0.453032172664104, model__learning_rate=0.08192776699882925, model__max_depth=6, model__min_child_weight=7, model__n_estimators=443, model__subsample=0.836965827544817; total time=   1.5s
[CV] END model__colsample_bytree=0.6931085361721216, model__gamma=0.453032172664104, model__learning_rate=0.08192776699882925, model__max_depth=6, model__min_child_weight=7, model__n_estimators=443, model__subsample=0.836965827544817; total time=   1.5s
[CV] END model__colsample_bytree=0.6185801650879991, model__gamma=3.0377242595071916, model__learning_rate=0.0178601378893971, model__max_depth=9, model__min_child_weight=2, model__n_estimators=587, model__subsample=0.9768807022739411; total time=   1.5s
[CV] END model__colsample_bytree=0.6185801650879991, model__gamma=3.0377242595071916, model__learning_rate=0.0178601378893971, model__max_depth=9, model__min_child_weight=2, model__n_estimators=587, model__subsample=0.9768807022739411; total time=   1.5s
[CV] END model__colsample_bytree=0.6185801650879991, model__gamma=3.0377242595071916, model__learning_rate=0.0178601378893971, model__max_depth=9, model__min_child_weight=2, model__n_estimators=587, model__subsample=0.9768807022739411; total time=   1.5s
[CV] END model__colsample_bytree=0.6185801650879991, model__gamma=3.0377242595071916, model__learning_rate=0.0178601378893971, model__max_depth=9, model__min_child_weight=2, model__n_estimators=587, model__subsample=0.9768807022739411; total time=   1.5s
[CV] END model__colsample_bytree=0.6185801650879991, model__gamma=3.0377242595071916, model__learning_rate=0.0178601378893971, model__max_depth=9, model__min_child_weight=2, model__n_estimators=587, model__subsample=0.9768807022739411; total time=   1.6s
[CV] END model__colsample_bytree=0.8253152871382157, model__gamma=1.9270825126995805, model__learning_rate=0.010558059144381517, model__max_depth=4, model__min_child_weight=4, model__n_estimators=291, model__subsample=0.7760609974958406; total time=   0.9s
[CV] END model__colsample_bytree=0.8253152871382157, model__gamma=1.9270825126995805, model__learning_rate=0.010558059144381517, model__max_depth=4, model__min_child_weight=4, model__n_estimators=291, model__subsample=0.7760609974958406; total time=   1.0s
[CV] END model__colsample_bytree=0.8253152871382157, model__gamma=1.9270825126995805, model__learning_rate=0.010558059144381517, model__max_depth=4, model__min_child_weight=4, model__n_estimators=291, model__subsample=0.7760609974958406; total time=   0.9s
[CV] END model__colsample_bytree=0.8253152871382157, model__gamma=1.9270825126995805, model__learning_rate=0.010558059144381517, model__max_depth=4, model__min_child_weight=4, model__n_estimators=291, model__subsample=0.7760609974958406; total time=   0.9s
[CV] END model__colsample_bytree=0.8253152871382157, model__gamma=1.9270825126995805, model__learning_rate=0.010558059144381517, model__max_depth=4, model__min_child_weight=4, model__n_estimators=291, model__subsample=0.7760609974958406; total time=   0.9s
[CV] END model__colsample_bytree=0.6488152939379115, model__gamma=2.475884550556351, model__learning_rate=0.011240768803005551, model__max_depth=8, model__min_child_weight=1, model__n_estimators=761, model__subsample=0.8650089137415928; total time=   2.5s
[CV] END model__colsample_bytree=0.6488152939379115, model__gamma=2.475884550556351, model__learning_rate=0.011240768803005551, model__max_depth=8, model__min_child_weight=1, model__n_estimators=761, model__subsample=0.8650089137415928; total time=   2.7s
[CV] END model__colsample_bytree=0.6488152939379115, model__gamma=2.475884550556351, model__learning_rate=0.011240768803005551, model__max_depth=8, model__min_child_weight=1, model__n_estimators=761, model__subsample=0.8650089137415928; total time=   2.4s
[CV] END model__colsample_bytree=0.6488152939379115, model__gamma=2.475884550556351, model__learning_rate=0.011240768803005551, model__max_depth=8, model__min_child_weight=1, model__n_estimators=761, model__subsample=0.8650089137415928; total time=   2.6s
[CV] END model__colsample_bytree=0.6488152939379115, model__gamma=2.475884550556351, model__learning_rate=0.011240768803005551, model__max_depth=8, model__min_child_weight=1, model__n_estimators=761, model__subsample=0.8650089137415928; total time=   2.5s
[CV] END model__colsample_bytree=0.7246844304357644, model__gamma=2.600340105889054, model__learning_rate=0.06420330336297862, model__max_depth=8, model__min_child_weight=2, model__n_estimators=755, model__subsample=0.9757995766256756; total time=   1.4s
[CV] END model__colsample_bytree=0.7246844304357644, model__gamma=2.600340105889054, model__learning_rate=0.06420330336297862, model__max_depth=8, model__min_child_weight=2, model__n_estimators=755, model__subsample=0.9757995766256756; total time=   1.5s
[CV] END model__colsample_bytree=0.7246844304357644, model__gamma=2.600340105889054, model__learning_rate=0.06420330336297862, model__max_depth=8, model__min_child_weight=2, model__n_estimators=755, model__subsample=0.9757995766256756; total time=   1.4s
[CV] END model__colsample_bytree=0.7246844304357644, model__gamma=2.600340105889054, model__learning_rate=0.06420330336297862, model__max_depth=8, model__min_child_weight=2, model__n_estimators=755, model__subsample=0.9757995766256756; total time=   1.4s
[CV] END model__colsample_bytree=0.7246844304357644, model__gamma=2.600340105889054, model__learning_rate=0.06420330336297862, model__max_depth=8, model__min_child_weight=2, model__n_estimators=755, model__subsample=0.9757995766256756; total time=   1.4s
[CV] END model__colsample_bytree=0.9579309401710595, model__gamma=2.9894998940554256, model__learning_rate=0.22999586428143728, model__max_depth=8, model__min_child_weight=7, model__n_estimators=451, model__subsample=0.6180909155642152; total time=   1.1s
[CV] END model__colsample_bytree=0.9579309401710595, model__gamma=2.9894998940554256, model__learning_rate=0.22999586428143728, model__max_depth=8, model__min_child_weight=7, model__n_estimators=451, model__subsample=0.6180909155642152; total time=   1.1s
[CV] END model__colsample_bytree=0.9579309401710595, model__gamma=2.9894998940554256, model__learning_rate=0.22999586428143728, model__max_depth=8, model__min_child_weight=7, model__n_estimators=451, model__subsample=0.6180909155642152; total time=   1.1s
[CV] END model__colsample_bytree=0.9579309401710595, model__gamma=2.9894998940554256, model__learning_rate=0.22999586428143728, model__max_depth=8, model__min_child_weight=7, model__n_estimators=451, model__subsample=0.6180909155642152; total time=   1.1s
[CV] END model__colsample_bytree=0.9579309401710595, model__gamma=2.9894998940554256, model__learning_rate=0.22999586428143728, model__max_depth=8, model__min_child_weight=7, model__n_estimators=451, model__subsample=0.6180909155642152; total time=   1.1s
[CV] END model__colsample_bytree=0.7301321323053057, model__gamma=1.9433864484474102, model__learning_rate=0.02516607127550297, model__max_depth=7, model__min_child_weight=8, model__n_estimators=416, model__subsample=0.7123738038749523; total time=   1.4s
[CV] END model__colsample_bytree=0.7301321323053057, model__gamma=1.9433864484474102, model__learning_rate=0.02516607127550297, model__max_depth=7, model__min_child_weight=8, model__n_estimators=416, model__subsample=0.7123738038749523; total time=   1.4s
[CV] END model__colsample_bytree=0.7301321323053057, model__gamma=1.9433864484474102, model__learning_rate=0.02516607127550297, model__max_depth=7, model__min_child_weight=8, model__n_estimators=416, model__subsample=0.7123738038749523; total time=   1.4s
[CV] END model__colsample_bytree=0.7301321323053057, model__gamma=1.9433864484474102, model__learning_rate=0.02516607127550297, model__max_depth=7, model__min_child_weight=8, model__n_estimators=416, model__subsample=0.7123738038749523; total time=   1.4s
[CV] END model__colsample_bytree=0.7301321323053057, model__gamma=1.9433864484474102, model__learning_rate=0.02516607127550297, model__max_depth=7, model__min_child_weight=8, model__n_estimators=416, model__subsample=0.7123738038749523; total time=   1.4s
[CV] END model__colsample_bytree=0.8170784332632994, model__gamma=0.7046211248738132, model__learning_rate=0.1530883741573138, model__max_depth=3, model__min_child_weight=9, model__n_estimators=720, model__subsample=0.908897907718663; total time=   1.6s
[CV] END model__colsample_bytree=0.8170784332632994, model__gamma=0.7046211248738132, model__learning_rate=0.1530883741573138, model__max_depth=3, model__min_child_weight=9, model__n_estimators=720, model__subsample=0.908897907718663; total time=   1.6s
[CV] END model__colsample_bytree=0.8170784332632994, model__gamma=0.7046211248738132, model__learning_rate=0.1530883741573138, model__max_depth=3, model__min_child_weight=9, model__n_estimators=720, model__subsample=0.908897907718663; total time=   1.6s
[CV] END model__colsample_bytree=0.8170784332632994, model__gamma=0.7046211248738132, model__learning_rate=0.1530883741573138, model__max_depth=3, model__min_child_weight=9, model__n_estimators=720, model__subsample=0.908897907718663; total time=   1.6s
[CV] END model__colsample_bytree=0.8170784332632994, model__gamma=0.7046211248738132, model__learning_rate=0.1530883741573138, model__max_depth=3, model__min_child_weight=9, model__n_estimators=720, model__subsample=0.908897907718663; total time=   1.6s
[CV] END model__colsample_bytree=0.679486272613669, model__gamma=0.027610585618011996, model__learning_rate=0.1601531217136121, model__max_depth=3, model__min_child_weight=8, model__n_estimators=618, model__subsample=0.9085081386743783; total time=   1.7s
[CV] END model__colsample_bytree=0.679486272613669, model__gamma=0.027610585618011996, model__learning_rate=0.1601531217136121, model__max_depth=3, model__min_child_weight=8, model__n_estimators=618, model__subsample=0.9085081386743783; total time=   1.7s
[CV] END model__colsample_bytree=0.679486272613669, model__gamma=0.027610585618011996, model__learning_rate=0.1601531217136121, model__max_depth=3, model__min_child_weight=8, model__n_estimators=618, model__subsample=0.9085081386743783; total time=   1.7s
[CV] END model__colsample_bytree=0.679486272613669, model__gamma=0.027610585618011996, model__learning_rate=0.1601531217136121, model__max_depth=3, model__min_child_weight=8, model__n_estimators=618, model__subsample=0.9085081386743783; total time=   1.7s
[CV] END model__colsample_bytree=0.679486272613669, model__gamma=0.027610585618011996, model__learning_rate=0.1601531217136121, model__max_depth=3, model__min_child_weight=8, model__n_estimators=618, model__subsample=0.9085081386743783; total time=   1.7s
[CV] END model__colsample_bytree=0.6296178606936361, model__gamma=1.7923286427213632, model__learning_rate=0.014830392684568025, model__max_depth=9, model__min_child_weight=9, model__n_estimators=232, model__subsample=0.6254233401144095; total time=   0.8s
[CV] END model__colsample_bytree=0.6296178606936361, model__gamma=1.7923286427213632, model__learning_rate=0.014830392684568025, model__max_depth=9, model__min_child_weight=9, model__n_estimators=232, model__subsample=0.6254233401144095; total time=   0.8s
[CV] END model__colsample_bytree=0.6296178606936361, model__gamma=1.7923286427213632, model__learning_rate=0.014830392684568025, model__max_depth=9, model__min_child_weight=9, model__n_estimators=232, model__subsample=0.6254233401144095; total time=   0.8s
[CV] END model__colsample_bytree=0.6296178606936361, model__gamma=1.7923286427213632, model__learning_rate=0.014830392684568025, model__max_depth=9, model__min_child_weight=9, model__n_estimators=232, model__subsample=0.6254233401144095; total time=   0.8s
[CV] END model__colsample_bytree=0.6296178606936361, model__gamma=1.7923286427213632, model__learning_rate=0.014830392684568025, model__max_depth=9, model__min_child_weight=9, model__n_estimators=232, model__subsample=0.6254233401144095; total time=   0.8s
[CV] END model__colsample_bytree=0.7243929286862649, model__gamma=1.6259166101337352, model__learning_rate=0.1195960383019184, model__max_depth=8, model__min_child_weight=3, model__n_estimators=661, model__subsample=0.9395655297064336; total time=   1.3s
[CV] END model__colsample_bytree=0.7243929286862649, model__gamma=1.6259166101337352, model__learning_rate=0.1195960383019184, model__max_depth=8, model__min_child_weight=3, model__n_estimators=661, model__subsample=0.9395655297064336; total time=   1.3s
[CV] END model__colsample_bytree=0.7243929286862649, model__gamma=1.6259166101337352, model__learning_rate=0.1195960383019184, model__max_depth=8, model__min_child_weight=3, model__n_estimators=661, model__subsample=0.9395655297064336; total time=   1.4s
[CV] END model__colsample_bytree=0.7243929286862649, model__gamma=1.6259166101337352, model__learning_rate=0.1195960383019184, model__max_depth=8, model__min_child_weight=3, model__n_estimators=661, model__subsample=0.9395655297064336; total time=   1.3s
[CV] END model__colsample_bytree=0.7243929286862649, model__gamma=1.6259166101337352, model__learning_rate=0.1195960383019184, model__max_depth=8, model__min_child_weight=3, model__n_estimators=661, model__subsample=0.9395655297064336; total time=   1.3s
[CV] END model__colsample_bytree=0.8886918084659492, model__gamma=1.1799245987447788, model__learning_rate=0.02389152997793864, model__max_depth=5, model__min_child_weight=9, model__n_estimators=406, model__subsample=0.7710164073434198; total time=   1.4s
[CV] END model__colsample_bytree=0.8886918084659492, model__gamma=1.1799245987447788, model__learning_rate=0.02389152997793864, model__max_depth=5, model__min_child_weight=9, model__n_estimators=406, model__subsample=0.7710164073434198; total time=   1.5s
[CV] END model__colsample_bytree=0.8886918084659492, model__gamma=1.1799245987447788, model__learning_rate=0.02389152997793864, model__max_depth=5, model__min_child_weight=9, model__n_estimators=406, model__subsample=0.7710164073434198; total time=   1.4s
[CV] END model__colsample_bytree=0.8886918084659492, model__gamma=1.1799245987447788, model__learning_rate=0.02389152997793864, model__max_depth=5, model__min_child_weight=9, model__n_estimators=406, model__subsample=0.7710164073434198; total time=   1.4s
[CV] END model__colsample_bytree=0.8886918084659492, model__gamma=1.1799245987447788, model__learning_rate=0.02389152997793864, model__max_depth=5, model__min_child_weight=9, model__n_estimators=406, model__subsample=0.7710164073434198; total time=   1.5s
[CV] END model__colsample_bytree=0.610167650697638, model__gamma=0.5394571349665223, model__learning_rate=0.011128194768838964, model__max_depth=9, model__min_child_weight=1, model__n_estimators=763, model__subsample=0.8253102287905535; total time=   3.5s
[CV] END model__colsample_bytree=0.610167650697638, model__gamma=0.5394571349665223, model__learning_rate=0.011128194768838964, model__max_depth=9, model__min_child_weight=1, model__n_estimators=763, model__subsample=0.8253102287905535; total time=   3.5s
[CV] END model__colsample_bytree=0.610167650697638, model__gamma=0.5394571349665223, model__learning_rate=0.011128194768838964, model__max_depth=9, model__min_child_weight=1, model__n_estimators=763, model__subsample=0.8253102287905535; total time=   3.5s
[CV] END model__colsample_bytree=0.610167650697638, model__gamma=0.5394571349665223, model__learning_rate=0.011128194768838964, model__max_depth=9, model__min_child_weight=1, model__n_estimators=763, model__subsample=0.8253102287905535; total time=   3.6s
[CV] END model__colsample_bytree=0.610167650697638, model__gamma=0.5394571349665223, model__learning_rate=0.011128194768838964, model__max_depth=9, model__min_child_weight=1, model__n_estimators=763, model__subsample=0.8253102287905535; total time=   3.6s
[CV] END model__colsample_bytree=0.878206434570451, model__gamma=0.6966572720293784, model__learning_rate=0.07812639007238957, model__max_depth=9, model__min_child_weight=4, model__n_estimators=724, model__subsample=0.6307919639315172; total time=   2.3s
[CV] END model__colsample_bytree=0.878206434570451, model__gamma=0.6966572720293784, model__learning_rate=0.07812639007238957, model__max_depth=9, model__min_child_weight=4, model__n_estimators=724, model__subsample=0.6307919639315172; total time=   2.2s
[CV] END model__colsample_bytree=0.878206434570451, model__gamma=0.6966572720293784, model__learning_rate=0.07812639007238957, model__max_depth=9, model__min_child_weight=4, model__n_estimators=724, model__subsample=0.6307919639315172; total time=   2.3s
[CV] END model__colsample_bytree=0.878206434570451, model__gamma=0.6966572720293784, model__learning_rate=0.07812639007238957, model__max_depth=9, model__min_child_weight=4, model__n_estimators=724, model__subsample=0.6307919639315172; total time=   2.6s
[CV] END model__colsample_bytree=0.878206434570451, model__gamma=0.6966572720293784, model__learning_rate=0.07812639007238957, model__max_depth=9, model__min_child_weight=4, model__n_estimators=724, model__subsample=0.6307919639315172; total time=   2.5s
[CV] END model__colsample_bytree=0.7159005811655073, model__gamma=0.8061064362700221, model__learning_rate=0.23619797107806514, model__max_depth=7, model__min_child_weight=9, model__n_estimators=227, model__subsample=0.6873761748867334; total time=   0.8s
[CV] END model__colsample_bytree=0.7159005811655073, model__gamma=0.8061064362700221, model__learning_rate=0.23619797107806514, model__max_depth=7, model__min_child_weight=9, model__n_estimators=227, model__subsample=0.6873761748867334; total time=   0.8s
[CV] END model__colsample_bytree=0.7159005811655073, model__gamma=0.8061064362700221, model__learning_rate=0.23619797107806514, model__max_depth=7, model__min_child_weight=9, model__n_estimators=227, model__subsample=0.6873761748867334; total time=   0.8s
[CV] END model__colsample_bytree=0.7159005811655073, model__gamma=0.8061064362700221, model__learning_rate=0.23619797107806514, model__max_depth=7, model__min_child_weight=9, model__n_estimators=227, model__subsample=0.6873761748867334; total time=   0.8s
[CV] END model__colsample_bytree=0.7159005811655073, model__gamma=0.8061064362700221, model__learning_rate=0.23619797107806514, model__max_depth=7, model__min_child_weight=9, model__n_estimators=227, model__subsample=0.6873761748867334; total time=   0.8s
[CV] END model__colsample_bytree=0.7666039791481465, model__gamma=4.416401294594341, model__learning_rate=0.030136785318307355, model__max_depth=9, model__min_child_weight=9, model__n_estimators=430, model__subsample=0.9627313766183017; total time=   1.1s
[CV] END model__colsample_bytree=0.7666039791481465, model__gamma=4.416401294594341, model__learning_rate=0.030136785318307355, model__max_depth=9, model__min_child_weight=9, model__n_estimators=430, model__subsample=0.9627313766183017; total time=   1.3s
[CV] END model__colsample_bytree=0.7666039791481465, model__gamma=4.416401294594341, model__learning_rate=0.030136785318307355, model__max_depth=9, model__min_child_weight=9, model__n_estimators=430, model__subsample=0.9627313766183017; total time=   1.0s
[CV] END model__colsample_bytree=0.7666039791481465, model__gamma=4.416401294594341, model__learning_rate=0.030136785318307355, model__max_depth=9, model__min_child_weight=9, model__n_estimators=430, model__subsample=0.9627313766183017; total time=   1.0s
[CV] END model__colsample_bytree=0.7666039791481465, model__gamma=4.416401294594341, model__learning_rate=0.030136785318307355, model__max_depth=9, model__min_child_weight=9, model__n_estimators=430, model__subsample=0.9627313766183017; total time=   1.0s
[CV] END model__colsample_bytree=0.7088528997538541, model__gamma=3.238450602706812, model__learning_rate=0.010017714720800423, model__max_depth=7, model__min_child_weight=9, model__n_estimators=458, model__subsample=0.6027808522124762; total time=   1.5s
[CV] END model__colsample_bytree=0.7088528997538541, model__gamma=3.238450602706812, model__learning_rate=0.010017714720800423, model__max_depth=7, model__min_child_weight=9, model__n_estimators=458, model__subsample=0.6027808522124762; total time=   1.5s
[CV] END model__colsample_bytree=0.7088528997538541, model__gamma=3.238450602706812, model__learning_rate=0.010017714720800423, model__max_depth=7, model__min_child_weight=9, model__n_estimators=458, model__subsample=0.6027808522124762; total time=   1.4s
[CV] END model__colsample_bytree=0.7088528997538541, model__gamma=3.238450602706812, model__learning_rate=0.010017714720800423, model__max_depth=7, model__min_child_weight=9, model__n_estimators=458, model__subsample=0.6027808522124762; total time=   1.5s
[CV] END model__colsample_bytree=0.7088528997538541, model__gamma=3.238450602706812, model__learning_rate=0.010017714720800423, model__max_depth=7, model__min_child_weight=9, model__n_estimators=458, model__subsample=0.6027808522124762; total time=   1.4s
[CV] END model__colsample_bytree=0.8042989210310263, model__gamma=2.087055015743895, model__learning_rate=0.0212853192163843, model__max_depth=5, model__min_child_weight=10, model__n_estimators=573, model__subsample=0.687505687829228; total time=   1.8s
[CV] END model__colsample_bytree=0.8042989210310263, model__gamma=2.087055015743895, model__learning_rate=0.0212853192163843, model__max_depth=5, model__min_child_weight=10, model__n_estimators=573, model__subsample=0.687505687829228; total time=   1.9s
[CV] END model__colsample_bytree=0.8042989210310263, model__gamma=2.087055015743895, model__learning_rate=0.0212853192163843, model__max_depth=5, model__min_child_weight=10, model__n_estimators=573, model__subsample=0.687505687829228; total time=   1.8s
[CV] END model__colsample_bytree=0.8042989210310263, model__gamma=2.087055015743895, model__learning_rate=0.0212853192163843, model__max_depth=5, model__min_child_weight=10, model__n_estimators=573, model__subsample=0.687505687829228; total time=   1.9s
[CV] END model__colsample_bytree=0.8042989210310263, model__gamma=2.087055015743895, model__learning_rate=0.0212853192163843, model__max_depth=5, model__min_child_weight=10, model__n_estimators=573, model__subsample=0.687505687829228; total time=   1.8s
[CV] END model__colsample_bytree=0.8232408008069365, model__gamma=2.019180855290204, model__learning_rate=0.012469634313376046, model__max_depth=4, model__min_child_weight=4, model__n_estimators=467, model__subsample=0.7007129183301457; total time=   1.8s
[CV] END model__colsample_bytree=0.8232408008069365, model__gamma=2.019180855290204, model__learning_rate=0.012469634313376046, model__max_depth=4, model__min_child_weight=4, model__n_estimators=467, model__subsample=0.7007129183301457; total time=   1.7s
[CV] END model__colsample_bytree=0.8232408008069365, model__gamma=2.019180855290204, model__learning_rate=0.012469634313376046, model__max_depth=4, model__min_child_weight=4, model__n_estimators=467, model__subsample=0.7007129183301457; total time=   1.6s
[CV] END model__colsample_bytree=0.8232408008069365, model__gamma=2.019180855290204, model__learning_rate=0.012469634313376046, model__max_depth=4, model__min_child_weight=4, model__n_estimators=467, model__subsample=0.7007129183301457; total time=   1.7s
[CV] END model__colsample_bytree=0.8232408008069365, model__gamma=2.019180855290204, model__learning_rate=0.012469634313376046, model__max_depth=4, model__min_child_weight=4, model__n_estimators=467, model__subsample=0.7007129183301457; total time= 1.7min
[CV] END model__colsample_bytree=0.7988994023569542, model__gamma=1.5043915490838482, model__learning_rate=0.02634777514406047, model__max_depth=3, model__min_child_weight=1, model__n_estimators=201, model__subsample=0.8010716092915446; total time=   0.8s
[CV] END model__colsample_bytree=0.7988994023569542, model__gamma=1.5043915490838482, model__learning_rate=0.02634777514406047, model__max_depth=3, model__min_child_weight=1, model__n_estimators=201, model__subsample=0.8010716092915446; total time=   0.7s
[CV] END model__colsample_bytree=0.7988994023569542, model__gamma=1.5043915490838482, model__learning_rate=0.02634777514406047, model__max_depth=3, model__min_child_weight=1, model__n_estimators=201, model__subsample=0.8010716092915446; total time=   0.7s
[CV] END model__colsample_bytree=0.7988994023569542, model__gamma=1.5043915490838482, model__learning_rate=0.02634777514406047, model__max_depth=3, model__min_child_weight=1, model__n_estimators=201, model__subsample=0.8010716092915446; total time=   0.7s
[CV] END model__colsample_bytree=0.7988994023569542, model__gamma=1.5043915490838482, model__learning_rate=0.02634777514406047, model__max_depth=3, model__min_child_weight=1, model__n_estimators=201, model__subsample=0.8010716092915446; total time=   0.7s
[CV] END model__colsample_bytree=0.6205915004999957, model__gamma=1.3932323211830573, model__learning_rate=0.21959317857485672, model__max_depth=5, model__min_child_weight=2, model__n_estimators=252, model__subsample=0.7957811041110252; total time=   1.1s
[CV] END model__colsample_bytree=0.6205915004999957, model__gamma=1.3932323211830573, model__learning_rate=0.21959317857485672, model__max_depth=5, model__min_child_weight=2, model__n_estimators=252, model__subsample=0.7957811041110252; total time=   1.3s
[CV] END model__colsample_bytree=0.6205915004999957, model__gamma=1.3932323211830573, model__learning_rate=0.21959317857485672, model__max_depth=5, model__min_child_weight=2, model__n_estimators=252, model__subsample=0.7957811041110252; total time=   1.4s
[CV] END model__colsample_bytree=0.6205915004999957, model__gamma=1.3932323211830573, model__learning_rate=0.21959317857485672, model__max_depth=5, model__min_child_weight=2, model__n_estimators=252, model__subsample=0.7957811041110252; total time=   1.3s
[CV] END model__colsample_bytree=0.6205915004999957, model__gamma=1.3932323211830573, model__learning_rate=0.21959317857485672, model__max_depth=5, model__min_child_weight=2, model__n_estimators=252, model__subsample=0.7957811041110252; total time=   1.9s
[CV] END model__colsample_bytree=0.9942601816442402, model__gamma=1.2102763575575022, model__learning_rate=0.09836162684900028, model__max_depth=5, model__min_child_weight=8, model__n_estimators=322, model__subsample=0.6968639753109703; total time=   2.8s
[CV] END model__colsample_bytree=0.9942601816442402, model__gamma=1.2102763575575022, model__learning_rate=0.09836162684900028, model__max_depth=5, model__min_child_weight=8, model__n_estimators=322, model__subsample=0.6968639753109703; total time=   3.3s
[CV] END model__colsample_bytree=0.9942601816442402, model__gamma=1.2102763575575022, model__learning_rate=0.09836162684900028, model__max_depth=5, model__min_child_weight=8, model__n_estimators=322, model__subsample=0.6968639753109703; total time=   3.7s
[CV] END model__colsample_bytree=0.9942601816442402, model__gamma=1.2102763575575022, model__learning_rate=0.09836162684900028, model__max_depth=5, model__min_child_weight=8, model__n_estimators=322, model__subsample=0.6968639753109703; total time=   4.6s
[CV] END model__colsample_bytree=0.9942601816442402, model__gamma=1.2102763575575022, model__learning_rate=0.09836162684900028, model__max_depth=5, model__min_child_weight=8, model__n_estimators=322, model__subsample=0.6968639753109703; total time=   6.1s
[CV] END model__colsample_bytree=0.9212559025519583, model__gamma=2.351503172230192, model__learning_rate=0.2835536380865259, model__max_depth=8, model__min_child_weight=1, model__n_estimators=400, model__subsample=0.7283120259886944; total time=   5.0s
[CV] END model__colsample_bytree=0.9212559025519583, model__gamma=2.351503172230192, model__learning_rate=0.2835536380865259, model__max_depth=8, model__min_child_weight=1, model__n_estimators=400, model__subsample=0.7283120259886944; total time=   4.9s
[CV] END model__colsample_bytree=0.9212559025519583, model__gamma=2.351503172230192, model__learning_rate=0.2835536380865259, model__max_depth=8, model__min_child_weight=1, model__n_estimators=400, model__subsample=0.7283120259886944; total time=   3.4s
[CV] END model__colsample_bytree=0.9212559025519583, model__gamma=2.351503172230192, model__learning_rate=0.2835536380865259, model__max_depth=8, model__min_child_weight=1, model__n_estimators=400, model__subsample=0.7283120259886944; total time=   1.2s
[CV] END model__colsample_bytree=0.9212559025519583, model__gamma=2.351503172230192, model__learning_rate=0.2835536380865259, model__max_depth=8, model__min_child_weight=1, model__n_estimators=400, model__subsample=0.7283120259886944; total time=   1.3s
[CV] END model__colsample_bytree=0.6746074041599417, model__gamma=0.20387570777381958, model__learning_rate=0.07461403484816762, model__max_depth=5, model__min_child_weight=4, model__n_estimators=602, model__subsample=0.884459812975207; total time=   1.9s
[CV] END model__colsample_bytree=0.6746074041599417, model__gamma=0.20387570777381958, model__learning_rate=0.07461403484816762, model__max_depth=5, model__min_child_weight=4, model__n_estimators=602, model__subsample=0.884459812975207; total time=   1.8s
[CV] END model__colsample_bytree=0.6746074041599417, model__gamma=0.20387570777381958, model__learning_rate=0.07461403484816762, model__max_depth=5, model__min_child_weight=4, model__n_estimators=602, model__subsample=0.884459812975207; total time=   1.8s
[CV] END model__colsample_bytree=0.6746074041599417, model__gamma=0.20387570777381958, model__learning_rate=0.07461403484816762, model__max_depth=5, model__min_child_weight=4, model__n_estimators=602, model__subsample=0.884459812975207; total time=   1.9s
[CV] END model__colsample_bytree=0.6746074041599417, model__gamma=0.20387570777381958, model__learning_rate=0.07461403484816762, model__max_depth=5, model__min_child_weight=4, model__n_estimators=602, model__subsample=0.884459812975207; total time=   1.9s
[CV] END model__colsample_bytree=0.9238004184558861, model__gamma=1.7433299364586468, model__learning_rate=0.013869615701144236, model__max_depth=3, model__min_child_weight=1, model__n_estimators=750, model__subsample=0.9746919954946938; total time=   1.9s
[CV] END model__colsample_bytree=0.9238004184558861, model__gamma=1.7433299364586468, model__learning_rate=0.013869615701144236, model__max_depth=3, model__min_child_weight=1, model__n_estimators=750, model__subsample=0.9746919954946938; total time=58.9min
[CV] END model__colsample_bytree=0.9238004184558861, model__gamma=1.7433299364586468, model__learning_rate=0.013869615701144236, model__max_depth=3, model__min_child_weight=1, model__n_estimators=750, model__subsample=0.9746919954946938; total time=   2.1s
[CV] END model__colsample_bytree=0.9238004184558861, model__gamma=1.7433299364586468, model__learning_rate=0.013869615701144236, model__max_depth=3, model__min_child_weight=1, model__n_estimators=750, model__subsample=0.9746919954946938; total time=   2.4s
[CV] END model__colsample_bytree=0.9238004184558861, model__gamma=1.7433299364586468, model__learning_rate=0.013869615701144236, model__max_depth=3, model__min_child_weight=1, model__n_estimators=750, model__subsample=0.9746919954946938; total time=   4.7s
[CV] END model__colsample_bytree=0.6550083776583973, model__gamma=1.7053317552512925, model__learning_rate=0.01471005003927122, model__max_depth=9, model__min_child_weight=10, model__n_estimators=462, model__subsample=0.8639936184136716; total time=   6.3s
[CV] END model__colsample_bytree=0.6550083776583973, model__gamma=1.7053317552512925, model__learning_rate=0.01471005003927122, model__max_depth=9, model__min_child_weight=10, model__n_estimators=462, model__subsample=0.8639936184136716; total time=   6.6s
[CV] END model__colsample_bytree=0.6550083776583973, model__gamma=1.7053317552512925, model__learning_rate=0.01471005003927122, model__max_depth=9, model__min_child_weight=10, model__n_estimators=462, model__subsample=0.8639936184136716; total time=   6.7s
[CV] END model__colsample_bytree=0.6550083776583973, model__gamma=1.7053317552512925, model__learning_rate=0.01471005003927122, model__max_depth=9, model__min_child_weight=10, model__n_estimators=462, model__subsample=0.8639936184136716; total time=   6.6s
[CV] END model__colsample_bytree=0.6550083776583973, model__gamma=1.7053317552512925, model__learning_rate=0.01471005003927122, model__max_depth=9, model__min_child_weight=10, model__n_estimators=462, model__subsample=0.8639936184136716; total time=   4.9s

Best CV PR-AUC: 0.8552
Best params: {'colsample_bytree': np.float64(0.610167650697638), 'gamma': np.float64(0.5394571349665223), 'learning_rate': np.float64(0.011128194768838964), 'max_depth': 9, 'min_child_weight': 1, 'n_estimators': 763, 'subsample': np.float64(0.8253102287905535)}
[xgboost | stratified] PR-AUC=0.8325 MCC=0.8521 P=0.986 R=0.737
[xgboost | chronological] PR-AUC=0.8066 MCC=0.8142 P=0.962 R=0.689
